height 33
width 46
map
..............................................
..............................................
.......TTTTTTTTTT.TTTTTTTTTT.TTTTTTTTTT.......
..............................................
..............................................
..............................................
.......TTTTTTTTTT.TTTTTTTTTT.TTTTTTTTTT.......
..............................................
..............................................
..............................................
.......TTTTTTTTTT.TTTTTTTTTT.TTTTTTTTTT.......
..............................................
..............................................
..............................................
.......TTTTTTTTTT.TTTTTTTTTT.TTTTTTTTTT.......
..............................................
..............................................
..............................................
.......TTTTTTTTTT.TTTTTTTTTT.TTTTTTTTTT.......
..............................................
..............................................
..............................................
.......TTTTTTTTTT.TTTTTTTTTT.TTTTTTTTTT.......
..............................................
..............................................
..............................................
.......TTTTTTTTTT.TTTTTTTTTT.TTTTTTTTTT.......
..............................................
..............................................
..............................................
.......TTTTTTTTTT.TTTTTTTTTT.TTTTTTTTTT.......
..............................................
..............................................